[INFO] Scanning for projects...
[INFO] 
[INFO] -----------------< com.sportvenue:sport-venue-backend >-----------------
[INFO] Building sport-venue-backend 0.0.1-SNAPSHOT
[INFO]   from pom.xml
[INFO] --------------------------------[ jar ]---------------------------------
[INFO] 
[INFO] --- clean:3.3.2:clean (default-clean) @ sport-venue-backend ---
[INFO] Deleting D:\PE PRJ301\STADIUM\swp391-rbl-project-team1_SE20A09\backend\target
[INFO] 
[INFO] --- resources:3.3.1:resources (default-resources) @ sport-venue-backend ---
[INFO] Copying 4 resources from src\main\resources to target\classes
[INFO] Copying 10 resources from src\main\resources to target\classes
[INFO] 
[INFO] --- compiler:3.12.0:compile (default-compile) @ sport-venue-backend ---
[INFO] Recompiling the module because of changed source code.
[INFO] Compiling 212 source files with javac [forked debug parameters release 21] to target\classes
[WARNING] Unable to autodetect 'javac' path, using 'javac' from the environment.
[INFO] 
[INFO] --- resources:3.3.1:testResources (default-testResources) @ sport-venue-backend ---
[INFO] skip non existing resourceDirectory D:\PE PRJ301\STADIUM\swp391-rbl-project-team1_SE20A09\backend\src\test\resources
[INFO] 
[INFO] --- compiler:3.12.0:testCompile (default-testCompile) @ sport-venue-backend ---
[INFO] Recompiling the module because of changed dependency.
[INFO] Compiling 19 source files with javac [forked debug parameters release 21] to target\test-classes
[WARNING] Unable to autodetect 'javac' path, using 'javac' from the environment.
[INFO] 
[INFO] --- surefire:3.2.5:test (default-test) @ sport-venue-backend ---
[INFO] Using auto detected provider org.apache.maven.surefire.junitplatform.JUnitPlatformProvider
[INFO] 
[INFO] -------------------------------------------------------
[INFO]  T E S T S
[INFO] -------------------------------------------------------
[INFO] Running com.sportvenue.config.PasswordEncoderTest
Standard Commons Logging discovery in action with spring-jcl: please remove commons-logging.jar from classpath in order to avoid potential conflicts
[INFO] Tests run: 3, Failures: 0, Errors: 0, Skipped: 0, Time elapsed: 1.138 s -- in com.sportvenue.config.PasswordEncoderTest
[INFO] Running com.sportvenue.controller.AdminUserControllerTest
.\mvnw : WARNING: A Java agent has been loaded dynamically (C:\Users\LAPTOP VINH 
HA\.m2\repository\net\bytebuddy\byte-buddy-agent\1.14.16\byte-buddy-agent-1.14.16.jar)
At line:1 char:1
+ .\mvnw clean test -B > ..\build_output.txt 2>&1 ; type ..\build_outpu ...
+ ~~~~~~~~~~~~~~~~~~~~~~~~~~~~~~~~~~~~~~~~~~~~~~~
    + CategoryInfo          : NotSpecified: (WARNING: A Java...nt-1.14.16.jar):String) [], RemoteException
    + FullyQualifiedErrorId : NativeCommandError
 
WARNING: If a serviceability tool is in use, please run with -XX:+EnableDynamicAgentLoading to hide this warning
WARNING: If a serviceability tool is not in use, please run with -Djdk.instrument.traceUsage for more information
WARNING: Dynamic loading of agents will be disallowed by default in a future release
Java HotSpot(TM) 64-Bit Server VM warning: Sharing is only supported for boot loader classes because bootstrap 
classpath has been appended
[INFO] Tests run: 3, Failures: 0, Errors: 0, Skipped: 0, Time elapsed: 1.776 s -- in com.sportvenue.controller.AdminUserControllerTest
[INFO] Running com.sportvenue.controller.FileControllerSecurityTest
[INFO] Tests run: 1, Failures: 0, Errors: 0, Skipped: 0, Time elapsed: 0.037 s -- in com.sportvenue.controller.FileControllerSecurityTest
[INFO] Running com.sportvenue.controller.MatchRequestControllerTest
15:22:41.378 [main] INFO com.sportvenue.controller.MatchRequestController -- REST request to create match: 'Tr?n c?u ??nh cao' by User: customer@test.com
15:22:41.401 [main] INFO com.sportvenue.controller.MatchRequestController -- REST request by Host: customer@test.com to cancel Match ID: 100 with reason: L² do cß nhΓn
15:22:41.414 [main] INFO com.sportvenue.controller.MatchRequestController -- REST request to get all active match requests with pagination: Page request [number: 0, size 10, sort: UNSORTED]
[INFO] Tests run: 3, Failures: 0, Errors: 0, Skipped: 0, Time elapsed: 0.138 s -- in com.sportvenue.controller.MatchRequestControllerTest
[INFO] Running com.sportvenue.controller.TimeSlotControllerTest
[INFO] Tests run: 4, Failures: 0, Errors: 0, Skipped: 0, Time elapsed: 0.108 s -- in com.sportvenue.controller.TimeSlotControllerTest
[INFO] Running com.sportvenue.dto.request.CreateStadiumRequestValidationTest
15:22:41.793 [main] INFO org.hibernate.validator.internal.util.Version -- HV000001: Hibernate Validator 8.0.1.Final
[INFO] Tests run: 4, Failures: 0, Errors: 0, Skipped: 0, Time elapsed: 1.013 s -- in com.sportvenue.dto.request.CreateStadiumRequestValidationTest
[INFO] Running com.sportvenue.entity.OtpTokenExpiryTest
[INFO] Tests run: 3, Failures: 0, Errors: 0, Skipped: 0, Time elapsed: 0.010 s -- in com.sportvenue.entity.OtpTokenExpiryTest
[INFO] Running com.sportvenue.service.impl.MatchRequestServiceImplTest
15:22:43.188 [main] INFO com.sportvenue.service.impl.MatchRequestServiceImpl -- Creating match request: 'Tr?n ??u vui v?' for user ID: 1
15:22:43.196 [main] INFO com.sportvenue.service.impl.MatchRequestServiceImpl -- Successfully created match request with ID: 100
15:22:43.215 [main] INFO com.sportvenue.service.impl.MatchRequestServiceImpl -- Creating match request: 'Tr?n ??u vui v?' for user ID: 1
15:22:43.225 [main] INFO com.sportvenue.service.impl.MatchRequestServiceImpl -- User ID 1 requesting to cancel Match ID: 100 with reason: L² do cß nhΓn
15:22:43.234 [main] INFO com.sportvenue.service.impl.MatchRequestServiceImpl -- Creating match request: 'Tr?n ??u vui v?' for user ID: 1
15:22:43.241 [main] INFO com.sportvenue.service.impl.MatchRequestServiceImpl -- User ID 2 requesting to cancel Match ID: 100 with reason: L² do cß nhΓn
15:22:43.249 [main] INFO com.sportvenue.service.impl.MatchRequestServiceImpl -- Retrieving active match requests with pagination and future dates: Page request [number: 0, size 10, sort: UNSORTED]
15:22:43.256 [main] INFO com.sportvenue.service.impl.MatchRequestServiceImpl -- Creating match request: 'Tr?n ??u vui v?' for user ID: 1
15:22:43.266 [main] INFO com.sportvenue.service.impl.MatchRequestServiceImpl -- Creating match request: 'Tr?n ??u vui v?' for user ID: 1
15:22:43.272 [main] INFO com.sportvenue.service.impl.MatchRequestServiceImpl -- Host User ID 1 approving Join ID: 500 for Match ID: 100
15:22:43.273 [main] INFO com.sportvenue.service.impl.MatchRequestServiceImpl -- Match ID: 100 is now FULL. Auto-rejecting remaining pending requests.
15:22:43.280 [main] INFO com.sportvenue.service.impl.MatchRequestServiceImpl -- User ID 1 requesting to cancel Match ID: 100 with reason: L² do cß nhΓn
15:22:43.286 [main] INFO com.sportvenue.service.impl.MatchRequestServiceImpl -- Creating match request: 'Tr?n ??u vui v?' for user ID: 1
15:22:43.292 [main] INFO com.sportvenue.service.impl.MatchRequestServiceImpl -- User ID 1 requesting to cancel Match ID: 100 with reason: L² do cß nhΓn
15:22:43.293 [main] INFO com.sportvenue.service.impl.MatchRequestServiceImpl -- Successfully cancelled Match ID: 100. Affected 2 join requests.
15:22:43.304 [main] INFO com.sportvenue.service.impl.MatchRequestServiceImpl -- Creating match request: 'FC Hoa L? thßch ??u' for user ID: 1
15:22:43.305 [main] INFO com.sportvenue.service.impl.MatchRequestServiceImpl -- Successfully created match request with ID: 200
15:22:43.315 [main] INFO com.sportvenue.service.impl.MatchRequestServiceImpl -- Creating match request: 'Tr?n ??u vui v?' for user ID: 1
15:22:43.321 [main] INFO com.sportvenue.service.impl.MatchRequestServiceImpl -- User ID 1 requesting to join Match ID: 100 with message: 'Xin gia nh?p'
15:22:43.331 [main] INFO com.sportvenue.service.impl.MatchRequestServiceImpl -- Host User ID 1 retrieving join requests for Match ID: 100
15:22:43.341 [main] INFO com.sportvenue.service.impl.MatchRequestServiceImpl -- Creating match request: 'Tr?n ??u vui v?' for user ID: 1
15:22:43.350 [main] INFO com.sportvenue.service.impl.MatchRequestServiceImpl -- User ID 2 requesting to join Match ID: 100 with message: 'Xin tham gia'
15:22:43.352 [main] INFO com.sportvenue.service.impl.MatchRequestServiceImpl -- Successfully created join request for User ID: 2 on Match ID: 100
15:22:43.359 [main] INFO com.sportvenue.service.impl.MatchRequestServiceImpl -- Creating match request: 'Tr?n ??u vui v?' for user ID: 1
[INFO] Tests run: 19, Failures: 0, Errors: 0, Skipped: 0, Time elapsed: 0.777 s -- in com.sportvenue.service.impl.MatchRequestServiceImplTest
[INFO] Running com.sportvenue.service.impl.PublicStadiumServiceImplTest
15:22:43.374 [main] INFO com.sportvenue.service.impl.PublicStadiumServiceImpl -- Searching stadiums with keyword: null, targetDate: null...
[INFO] Tests run: 1, Failures: 0, Errors: 0, Skipped: 0, Time elapsed: 0.037 s -- in com.sportvenue.service.impl.PublicStadiumServiceImplTest
[INFO] Running com.sportvenue.service.impl.RefundServiceTest
[INFO] Tests run: 2, Failures: 0, Errors: 0, Skipped: 0, Time elapsed: 0.281 s -- in com.sportvenue.service.impl.RefundServiceTest
[INFO] Running com.sportvenue.service.NotificationServiceTest
[INFO] Tests run: 2, Failures: 0, Errors: 0, Skipped: 0, Time elapsed: 0.218 s -- in com.sportvenue.service.NotificationServiceTest
[INFO] Running com.sportvenue.service.OwnerBookingServiceTest
15:22:43.954 [main] INFO com.sportvenue.service.OwnerBookingService -- ? Booking #1 ?π b? t? ch?i. L² do: Reason
15:22:43.973 [main] INFO com.sportvenue.service.OwnerBookingService -- ? Booking #1 ?π b? t? ch?i. L² do: Reason
15:22:43.980 [main] INFO com.sportvenue.service.OwnerBookingService -- ? Booking #1 ?π ???c xßc nh?n
[INFO] Tests run: 4, Failures: 0, Errors: 0, Skipped: 0, Time elapsed: 0.041 s -- in com.sportvenue.service.OwnerBookingServiceTest
[INFO] Running com.sportvenue.service.PublicStadiumServiceImplTest
15:22:44.060 [main] INFO com.sportvenue.service.impl.PublicStadiumServiceImpl -- Fetching detail for stadium ID: 999
15:22:44.066 [main] INFO com.sportvenue.service.impl.PublicStadiumServiceImpl -- Fetching reviews for stadium ID: 999, page: 0, size: 5
15:22:44.072 [main] INFO com.sportvenue.service.impl.PublicStadiumServiceImpl -- Fetching reviews for stadium ID: 1, page: 0, size: 5
15:22:44.082 [main] INFO com.sportvenue.service.impl.PublicStadiumServiceImpl -- Fetching detail for stadium ID: 1
15:22:44.098 [main] INFO com.sportvenue.service.impl.PublicStadiumServiceImpl -- Fetching reviews for stadium ID: 1, page: 0, size: 5
[INFO] Tests run: 5, Failures: 0, Errors: 0, Skipped: 0, Time elapsed: 0.116 s -- in com.sportvenue.service.PublicStadiumServiceImplTest
[INFO] Running com.sportvenue.service.RevenueServiceImplTest
15:22:44.114 [main] INFO com.sportvenue.service.impl.RevenueServiceImpl -- Calculating dashboard summary for owner: owner@sportvenue.com
15:22:44.216 [main] INFO com.sportvenue.service.impl.RevenueServiceImpl -- Fetching revenue report for owner: owner@sportvenue.com, stadiumId: null, start: 2026-06-01T00:00, end: 2026-06-03T00:00
15:22:44.254 [main] INFO com.sportvenue.service.impl.RevenueServiceImpl -- Fetching revenue report for owner: owner@sportvenue.com, stadiumId: null, start: 2026-06-01T00:00, end: 2026-06-03T00:00
[INFO] Tests run: 5, Failures: 0, Errors: 0, Skipped: 0, Time elapsed: 0.158 s -- in com.sportvenue.service.RevenueServiceImplTest
[INFO] Running com.sportvenue.service.StadiumServiceImplTest
15:22:44.450 [main] INFO com.sportvenue.service.StadiumServiceImpl -- Owner 1 requesting activation for stadium 10
15:22:44.452 [main] INFO com.sportvenue.service.StadiumServiceImpl -- Stadium 10 successfully activated by owner 1
15:22:44.470 [main] INFO com.sportvenue.service.StadiumServiceImpl -- Updating stadium ID: 10 for user: 1
15:22:44.472 [main] INFO com.sportvenue.service.StadiumServiceImpl -- Successfully updated stadium with ID: 10
15:22:44.482 [main] INFO com.sportvenue.service.StadiumServiceImpl -- Updating stadium ID: 10 for user: 1
15:22:44.492 [main] INFO com.sportvenue.service.StadiumServiceImpl -- Updating stadium ID: 10 for user: 1
15:22:44.493 [main] INFO com.sportvenue.service.StadiumServiceImpl -- Successfully updated stadium with ID: 10
15:22:44.518 [main] INFO com.sportvenue.service.StadiumServiceImpl -- Updating stadium ID: 10 for user: 1
15:22:44.519 [main] INFO com.sportvenue.service.StadiumServiceImpl -- Successfully updated stadium with ID: 10
15:22:44.529 [main] INFO com.sportvenue.service.StadiumServiceImpl -- Owner 1 requesting activation for stadium 10
15:22:44.536 [main] INFO com.sportvenue.service.StadiumServiceImpl -- Updating stadium ID: 10 for user: 1
15:22:44.542 [main] INFO com.sportvenue.service.StadiumServiceImpl -- Updating stadium ID: 10 for user: 1
15:22:44.543 [main] INFO com.sportvenue.service.StadiumServiceImpl -- Successfully updated stadium with ID: 10
15:22:44.551 [main] INFO com.sportvenue.service.StadiumServiceImpl -- Owner 1 requesting delete for stadium 10
15:22:44.552 [main] INFO com.sportvenue.service.StadiumServiceImpl -- Found 1 future bookings to cancel for stadium 10
15:22:44.553 [main] INFO com.sportvenue.service.StadiumServiceImpl -- Stadium 10 successfully soft-deleted by owner 1
15:22:44.565 [main] INFO com.sportvenue.service.StadiumServiceImpl -- Updating stadium ID: 10 for user: 1
15:22:44.566 [main] INFO com.sportvenue.service.StadiumServiceImpl -- Successfully updated stadium with ID: 10
15:22:44.574 [main] INFO com.sportvenue.service.StadiumServiceImpl -- Creating stadium for user: 1
15:22:44.587 [main] INFO com.sportvenue.service.StadiumServiceImpl -- Owner 1 requesting suspend for stadium 10
15:22:44.589 [main] INFO com.sportvenue.service.StadiumServiceImpl -- Stadium 10 successfully suspended by owner 1
15:22:44.596 [main] INFO com.sportvenue.service.StadiumServiceImpl -- Owner 1 requesting suspend for stadium 10
15:22:44.605 [main] INFO com.sportvenue.service.StadiumServiceImpl -- Creating stadium for user: 1
15:22:44.609 [main] INFO com.sportvenue.service.StadiumServiceImpl -- Successfully created stadium with ID: 10
[INFO] Tests run: 21, Failures: 0, Errors: 0, Skipped: 0, Time elapsed: 0.347 s -- in com.sportvenue.service.StadiumServiceImplTest
[INFO] Running com.sportvenue.service.TimeSlotServiceImplTest
[INFO] Tests run: 7, Failures: 0, Errors: 0, Skipped: 0, Time elapsed: 0.095 s -- in com.sportvenue.service.TimeSlotServiceImplTest
[INFO] Running com.sportvenue.SportVenueApplicationTests
15:22:44.892 [main] INFO org.springframework.test.context.support.AnnotationConfigContextLoaderUtils -- Could not detect default configuration classes for test class [com.sportvenue.SportVenueApplicationTests]: SportVenueApplicationTests does not declare any static, non-private, non-final, nested classes annotated with @Configuration.
15:22:45.085 [main] INFO org.springframework.boot.test.context.SpringBootTestContextBootstrapper -- Found @SpringBootConfiguration com.sportvenue.SportVenueApplication for test class com.sportvenue.SportVenueApplicationTests
  .   ____          _            __ _ _
 /\\ / ___'_ __ _ _(_)_ __  __ _ \ \ \ \
( ( )\___ | '_ | '_| | '_ \/ _` | \ \ \ \
 \\/  ___)| |_)| | | | | || (_| |  ) ) ) )
  '  |____| .__|_| |_|_| |_\__, | / / / /
 =========|_|==============|___/=/_/_/_/

 :: Spring Boot ::                (v3.3.0)

2026-06-19T15:22:45.897+07:00  INFO 17364 --- [sport-venue-backend] [           main] c.sportvenue.SportVenueApplicationTests  : Starting SportVenueApplicationTests using Java 22.0.2 with PID 17364 (started by Huy Hoαng in D:\PE PRJ301\STADIUM\swp391-rbl-project-team1_SE20A09\backend)
2026-06-19T15:22:45.899+07:00  INFO 17364 --- [sport-venue-backend] [           main] c.sportvenue.SportVenueApplicationTests  : The following 1 profile is active: "test"
2026-06-19T15:22:54.252+07:00  WARN 17364 --- [sport-venue-backend] [           main] o.f.c.i.s.DefaultSqlScriptExecutor       : DB: relation "users" already exists, skipping (SQL State: 42P07 - Error Code: 0)
2026-06-19T15:22:55.070+07:00  WARN 17364 --- [sport-venue-backend] [           main] org.hibernate.orm.deprecation            : HHH90000025: PostgreSQLDialect does not need to be specified explicitly using 'hibernate.dialect' (remove the property setting and it will be selected by default)
2026-06-19T15:22:59.031+07:00  WARN 17364 --- [sport-venue-backend] [           main] r$InitializeUserDetailsManagerConfigurer : Global AuthenticationManager configured with an AuthenticationProvider bean. UserDetailsService beans will not be used for username/password login. Consider removing the AuthenticationProvider bean. Alternatively, consider using the UserDetailsService in a manually instantiated DaoAuthenticationProvider.
2026-06-19T15:22:59.175+07:00  WARN 17364 --- [sport-venue-backend] [           main] com.sportvenue.service.EmailService      : app.mail.mock=true ù OTP will be logged here only, not sent via SMTP
2026-06-19T15:23:00.954+07:00  WARN 17364 --- [sport-venue-backend] [           main] JpaBaseConfiguration$JpaWebConfiguration : spring.jpa.open-in-view is enabled by default. Therefore, database queries may be performed during view rendering. Explicitly configure spring.jpa.open-in-view to disable this warning
2026-06-19T15:23:01.869+07:00  WARN 17364 --- [sport-venue-backend] [           main] c.s.security.RateLimitingFilter          : ?? Rate Limiting is BYPASSED because dev/test profile is active!
2026-06-19T15:23:03.435+07:00  INFO 17364 --- [sport-venue-backend] [           main] c.sportvenue.SportVenueApplicationTests  : Started SportVenueApplicationTests in 18.144 seconds (process running for 26.35)
2026-06-19T15:23:03.967+07:00  INFO 17364 --- [sport-venue-backend] [           main] com.sportvenue.config.DataSeeder         : ? Updated seed user: admin@sportvenue.com
2026-06-19T15:23:04.212+07:00  INFO 17364 --- [sport-venue-backend] [           main] com.sportvenue.config.DataSeeder         : ? Updated seed user: owner@sportvenue.com
2026-06-19T15:23:04.402+07:00  INFO 17364 --- [sport-venue-backend] [           main] com.sportvenue.config.DataSeeder         : ? Updated seed user: customer@sportvenue.com
2026-06-19T15:23:04.591+07:00  INFO 17364 --- [sport-venue-backend] [           main] com.sportvenue.config.DataSeeder         : ? Updated seed user: owner2@sportvenue.com
2026-06-19T15:23:04.783+07:00  INFO 17364 --- [sport-venue-backend] [           main] com.sportvenue.config.DataSeeder         : ? Updated seed user: customer2@sportvenue.com
2026-06-19T15:23:04.971+07:00  INFO 17364 --- [sport-venue-backend] [           main] com.sportvenue.config.DataSeeder         : ? Updated seed user: customer3@sportvenue.com
2026-06-19T15:23:04.971+07:00  INFO 17364 --- [sport-venue-backend] [           main] com.sportvenue.config.DataSeeder         : ? DataSeeder: Seed accounts verified/updated.
[INFO] Tests run: 1, Failures: 0, Errors: 0, Skipped: 0, Time elapsed: 20.32 s -- in com.sportvenue.SportVenueApplicationTests
[INFO] Running com.sportvenue.util.ImageContentValidatorTest
[INFO] Tests run: 1, Failures: 0, Errors: 0, Skipped: 0, Time elapsed: 0.004 s -- in com.sportvenue.util.ImageContentValidatorTest
[INFO] Running com.sportvenue.util.OtpGeneratorTest
[INFO] Tests run: 21, Failures: 0, Errors: 0, Skipped: 0, Time elapsed: 0.059 s -- in com.sportvenue.util.OtpGeneratorTest
[INFO] 
[INFO] Results:
[INFO] 
[INFO] Tests run: 110, Failures: 0, Errors: 0, Skipped: 0
[INFO] 
[INFO] ------------------------------------------------------------------------
[INFO] BUILD SUCCESS
[INFO] ------------------------------------------------------------------------
[INFO] Total time:  56.682 s
[INFO] Finished at: 2026-06-19T15:23:05+07:00
[INFO] ------------------------------------------------------------------------
